// Jest Snapshot v1, https://goo.gl/fbAQLP

exports[`Container should render without an error 1`] = `
<div>
  <div
    class="sc-bdnylx iGdfJW"
  >
    <p>
      ContainerComponent
    </p>
  </div>
</div>
`;
