// Jest Snapshot v1, https://goo.gl/fbAQLP

exports[`Typography should render without an error 1`] = `
<div>
  <h1
    style="font-size: 16px; color: rgb(186, 186, 188); font-weight: 500; text-align: center;"
  >
    webmotors
  </h1>
</div>
`;
