// Jest Snapshot v1, https://goo.gl/fbAQLP

exports[`Checkbox should render without an error 1`] = `
<div>
  <div
    class="sc-gtssRu dqQBAB"
  >
    <div
      aria-checked="false"
      class="Checkbox sc-bdnylx dGFoQD unchecked"
      role="checkbox"
      tabindex="0"
    >
      <input
        style="display: none;"
        type="checkbox"
      />
      <svg
        height="24px"
        transform="scale(0.75)"
        version="1.1"
        viewBox="0 0 24 24"
        width="24px"
        xmlns="http://www.w3.org/2000/svg"
        xmlns:xlink="http://www.w3.org/1999/xlink"
      >
        <rect
          class="square"
          fill="#fff"
          height="20"
          rx="2"
          ry="2"
          stroke="#bababc"
          stroke-width="1px"
          style="transition-delay: 600ms; transition-duration: 180ms;"
          width="20"
          x="2"
          y="2"
        />
        <path
          class="tick"
          d="M6,6 v8 h16"
          fill="none"
          stroke="#ca2430"
          stroke-width="3"
          style="transition-delay: 0ms; transition-duration: 500ms;"
          transform="rotate(-45, 12, 12)"
        />
      </svg>
    </div>
    <h1
      style="font-size: 10px; color: rgb(186, 186, 188); font-weight: 500; text-align: center;"
    >
      Box
    </h1>
  </div>
</div>
`;
