// Jest Snapshot v1, https://goo.gl/fbAQLP

exports[`TextInput should render without an error 1`] = `
<div>
  <div
    class="sc-bdnylx ksggrZ"
  >
    <p>
      LeftComponent
    </p>
    <input
      class="sc-gtssRu eomtQD"
      value="webmotors"
    />
    <p>
      RightComponent
    </p>
  </div>
</div>
`;
