// Jest Snapshot v1, https://goo.gl/fbAQLP

exports[`Loader should render without an error 1`] = `
<div>
  <div
    class="sc-bdnylx bmMCJM"
    data-testid="loader-test"
    size="30"
  />
</div>
`;
